{
  "version": "1.5.0",
  "plugins_used": [
    {"name": "AWSKeyDetector"},
    {"name": "ArtifactoryDetector"},
    {"name": "BasicAuthDetector"},
    {"name": "HexHighEntropyString", "limit": 3.0},
    {"name": "JwtTokenDetector"},
    {"name": "KeywordDetector", "keyword_exclude": ""},
    {"name": "PrivateKeyDetector"},
    {"name": "SendGridDetector"},
    {"name": "SlackDetector"},
    {"name": "StripeDetector"},
    {"name": "TwilioKeyDetector"}
  ],
  "filters_used": [
    {"path": "detect_secrets.filters.allowlist.is_line_allowlisted"},
    {"path": "detect_secrets.filters.gibberish.should_exclude_secret", "limit": 3.325},
    {"path": "detect_secrets.filters.heuristic.is_filterable_secret"},
    {"path": "detect_secrets.filters.heuristic.is_sequential_string"},
    {"path": "detect_secrets.filters.heuristic.is_templated_secret"},
    {"path": "detect_secrets.filters.heuristic.is_potential_uuid"},
    {"path": "detect_secrets.filters.regex.should_exclude_file", "pattern": [".*\\.(pdf|png|mp4|zip|docx)$", "tests/golden_datasets/.*"]}
  ],
  "results": {
    "backend/app/settings.py": [
      {
        "type": "Hex High Entropy String",
        "filename": "backend/app/settings.py",
        "hashed_secret": "placeholder_known_false_positive",
        "is_verified": false,
        "line_number": 14,
        "is_secret": false
      }
    ],
    "tests/test_live_api.py": [
      {
        "type": "Hex High Entropy String",
        "filename": "tests/test_live_api.py",
        "hashed_secret": "placeholder_known_false_positive",
        "is_verified": false,
        "line_number": 14,
        "is_secret": false
      }
    ]
  },
  "generated_at": "2026-05-23T00:00:00Z"
}
